{
  build: 'e5eca0588aaa2d3a418049ff716505b3528a8da1',
  installedOneClick: true,
  requiredSettings: 0,
  count: 98,
  hanCharacters: 4090,
  maxDepth: 4,
  sourceUnchanged: true,
  allUuidBodyParentDepthMatch: true,
  sourceSetVersion: 'cfa80cda231718c3246434abce2d1c6d2368599a65b547a1f53a8e3e322337c4',
  structureVersion: '64b6360df1ab4aafc934b589de7654cfc4d26511623c2fae0e92e1885b701b2b'
} {
  disabled: { toolbar: 0, entries: [], divider: 0 },
  enabled: {
    toolbar: 1,
    entries: [
      '87e7c941-7aaa-465c-ba06-4856373c4cc7',
      '452cdc41-255f-4f0c-9bea-e7d2948d99c5'
    ],
    divider: 0
  },
  reloaded: {
    toolbar: 1,
    entries: [
      'page:6ac37119-7384-4450-ae78-a561023cca57',
      '87e7c941-7aaa-465c-ba06-4856373c4cc7',
      '452cdc41-255f-4f0c-9bea-e7d2948d99c5',
      '10206d48-f1d5-4e3c-a300-22b4e41e0677',
      '42797b6a-36d7-4a34-9d1b-c31ff450ce72'
    ],
    divider: 0
  }
}
